[{"points":[{"position_x":30,"position_y":60,"color1_x":3.0000001192092896E-1,"color1_y":4.000000059604645E-1,"color1_z":2.0000000298023224E-1,"color2_x":4.000000059604645E-1,"color2_y":5E-1,"color2_z":3.0000001192092896E-1,"colorouter1_x":3.0000001192092896E-1,"colorouter1_y":4.000000059604645E-1,"colorouter1_z":2.0000000298023224E-1,"colorouter2_x":4.000000059604645E-1,"colorouter2_y":5E-1,"colorouter2_z":3.0000001192092896E-1,"radius1":1E0,"radius2":1E0},{"position_x":40,"position_y":70,"color1_x":3.0000001192092896E-1,"color1_y":4.000000059604645E-1,"color1_z":2.0000000298023224E-1,"color2_x":4.000000059604645E-1,"color2_y":5E-1,"color2_z":3.0000001192092896E-1,"colorouter1_x":3.0000001192092896E-1,"colorouter1_y":4.000000059604645E-1,"colorouter1_z":2.0000000298023224E-1,"colorouter2_x":4.000000059604645E-1,"colorouter2_y":5E-1,"colorouter2_z":3.0000001192092896E-1,"radius1":1E0,"radius2":1E0},{"position_x":50,"position_y":80,"color1_x":3.0000001192092896E-1,"color1_y":4.000000059604645E-1,"color1_z":2.0000000298023224E-1,"color2_x":4.000000059604645E-1,"color2_y":5E-1,"color2_z":3.0000001192092896E-1,"colorouter1_x":3.0000001192092896E-1,"colorouter1_y":4.000000059604645E-1,"colorouter1_z":2.0000000298023224E-1,"colorouter2_x":4.000000059604645E-1,"colorouter2_y":5E-1,"colorouter2_z":3.0000001192092896E-1,"radius1":1E0,"radius2":1E0}]}]
